---
source: tests/command_palette_snapshot.rs
assertion_line: 35
expression: buf.debug_dump()
---
lines:
0: "Body content                                                            "
1: "                                                                        "
2: "                                                                        "
3: "                                                                        "
4: "                                                                        "
5: "  🔎 Search for commands…                                               "
6: "                                                                        "
7: "                                                                        "
8: "  Keys                                                                  "
9: "  Show help for the focused widget and a summary of available keys      "
10: "  Quit                                                                  "
11: "  Quit the application as soon as possible                              "
12: "                                                                        "
13: "▁▁▁▁▁▁▁▁▁▁▁▁▁▁▁▁▁▁▁▁▁▁▁▁▁▁▁▁▁▁▁▁▁▁▁▁▁▁▁▁▁▁▁▁▁▁▁▁▁▁▁▁▁▁▁▁▁▁▁▁▁▁▁▁▁▁▁▁▁▁▁▁"
meta:
(0,12): StyleMeta { link: None, link_id: None, meta: Some({"textual:no_text_style": Bool(true), "textual:widget_id": Int(8589934591)}) }
(1,12): StyleMeta { link: None, link_id: None, meta: Some({"textual:no_text_style": Bool(true), "textual:widget_id": Int(8589934591)}) }
(2,12): StyleMeta { link: None, link_id: None, meta: Some({"textual:no_text_style": Bool(true), "textual:widget_id": Int(8589934591)}) }
(3,12): StyleMeta { link: None, link_id: None, meta: Some({"textual:no_text_style": Bool(true), "textual:widget_id": Int(8589934591)}) }
(4,12): StyleMeta { link: None, link_id: None, meta: Some({"textual:no_text_style": Bool(true), "textual:widget_id": Int(8589934591)}) }
(5,12): StyleMeta { link: None, link_id: None, meta: Some({"textual:no_text_style": Bool(true), "textual:widget_id": Int(8589934591)}) }
(6,12): StyleMeta { link: None, link_id: None, meta: Some({"textual:no_text_style": Bool(true), "textual:widget_id": Int(8589934591)}) }
(7,12): StyleMeta { link: None, link_id: None, meta: Some({"textual:no_text_style": Bool(true), "textual:widget_id": Int(8589934591)}) }
(8,12): StyleMeta { link: None, link_id: None, meta: Some({"textual:no_text_style": Bool(true), "textual:widget_id": Int(8589934591)}) }
(9,12): StyleMeta { link: None, link_id: None, meta: Some({"textual:no_text_style": Bool(true), "textual:widget_id": Int(8589934591)}) }
(10,12): StyleMeta { link: None, link_id: None, meta: Some({"textual:no_text_style": Bool(true), "textual:widget_id": Int(8589934591)}) }
(11,12): StyleMeta { link: None, link_id: None, meta: Some({"textual:no_text_style": Bool(true), "textual:widget_id": Int(8589934591)}) }
(12,12): StyleMeta { link: None, link_id: None, meta: Some({"textual:no_text_style": Bool(true), "textual:widget_id": Int(8589934591)}) }
(13,12): StyleMeta { link: None, link_id: None, meta: Some({"textual:no_text_style": Bool(true), "textual:widget_id": Int(8589934591)}) }
(14,12): StyleMeta { link: None, link_id: None, meta: Some({"textual:no_text_style": Bool(true), "textual:widget_id": Int(8589934591)}) }
(15,12): StyleMeta { link: None, link_id: None, meta: Some({"textual:no_text_style": Bool(true), "textual:widget_id": Int(8589934591)}) }
(16,12): StyleMeta { link: None, link_id: None, meta: Some({"textual:no_text_style": Bool(true), "textual:widget_id": Int(8589934591)}) }
(17,12): StyleMeta { link: None, link_id: None, meta: Some({"textual:no_text_style": Bool(true), "textual:widget_id": Int(8589934591)}) }
(18,12): StyleMeta { link: None, link_id: None, meta: Some({"textual:no_text_style": Bool(true), "textual:widget_id": Int(8589934591)}) }
(19,12): StyleMeta { link: None, link_id: None, meta: Some({"textual:no_text_style": Bool(true), "textual:widget_id": Int(8589934591)}) }
(20,12): StyleMeta { link: None, link_id: None, meta: Some({"textual:no_text_style": Bool(true), "textual:widget_id": Int(8589934591)}) }
(21,12): StyleMeta { link: None, link_id: None, meta: Some({"textual:no_text_style": Bool(true), "textual:widget_id": Int(8589934591)}) }
(22,12): StyleMeta { link: None, link_id: None, meta: Some({"textual:no_text_style": Bool(true), "textual:widget_id": Int(8589934591)}) }
(23,12): StyleMeta { link: None, link_id: None, meta: Some({"textual:no_text_style": Bool(true), "textual:widget_id": Int(8589934591)}) }
(24,12): StyleMeta { link: None, link_id: None, meta: Some({"textual:no_text_style": Bool(true), "textual:widget_id": Int(8589934591)}) }
(25,12): StyleMeta { link: None, link_id: None, meta: Some({"textual:no_text_style": Bool(true), "textual:widget_id": Int(8589934591)}) }
(26,12): StyleMeta { link: None, link_id: None, meta: Some({"textual:no_text_style": Bool(true), "textual:widget_id": Int(8589934591)}) }
(27,12): StyleMeta { link: None, link_id: None, meta: Some({"textual:no_text_style": Bool(true), "textual:widget_id": Int(8589934591)}) }
(28,12): StyleMeta { link: None, link_id: None, meta: Some({"textual:no_text_style": Bool(true), "textual:widget_id": Int(8589934591)}) }
(29,12): StyleMeta { link: None, link_id: None, meta: Some({"textual:no_text_style": Bool(true), "textual:widget_id": Int(8589934591)}) }
(30,12): StyleMeta { link: None, link_id: None, meta: Some({"textual:no_text_style": Bool(true), "textual:widget_id": Int(8589934591)}) }
(31,12): StyleMeta { link: None, link_id: None, meta: Some({"textual:no_text_style": Bool(true), "textual:widget_id": Int(8589934591)}) }
(32,12): StyleMeta { link: None, link_id: None, meta: Some({"textual:no_text_style": Bool(true), "textual:widget_id": Int(8589934591)}) }
(33,12): StyleMeta { link: None, link_id: None, meta: Some({"textual:no_text_style": Bool(true), "textual:widget_id": Int(8589934591)}) }
(34,12): StyleMeta { link: None, link_id: None, meta: Some({"textual:no_text_style": Bool(true), "textual:widget_id": Int(8589934591)}) }
(35,12): StyleMeta { link: None, link_id: None, meta: Some({"textual:no_text_style": Bool(true), "textual:widget_id": Int(8589934591)}) }
(36,12): StyleMeta { link: None, link_id: None, meta: Some({"textual:no_text_style": Bool(true), "textual:widget_id": Int(8589934591)}) }
(37,12): StyleMeta { link: None, link_id: None, meta: Some({"textual:no_text_style": Bool(true), "textual:widget_id": Int(8589934591)}) }
(38,12): StyleMeta { link: None, link_id: None, meta: Some({"textual:no_text_style": Bool(true), "textual:widget_id": Int(8589934591)}) }
(39,12): StyleMeta { link: None, link_id: None, meta: Some({"textual:no_text_style": Bool(true), "textual:widget_id": Int(8589934591)}) }
(40,12): StyleMeta { link: None, link_id: None, meta: Some({"textual:no_text_style": Bool(true), "textual:widget_id": Int(8589934591)}) }
(41,12): StyleMeta { link: None, link_id: None, meta: Some({"textual:no_text_style": Bool(true), "textual:widget_id": Int(8589934591)}) }
(42,12): StyleMeta { link: None, link_id: None, meta: Some({"textual:no_text_style": Bool(true), "textual:widget_id": Int(8589934591)}) }
(43,12): StyleMeta { link: None, link_id: None, meta: Some({"textual:no_text_style": Bool(true), "textual:widget_id": Int(8589934591)}) }
(44,12): StyleMeta { link: None, link_id: None, meta: Some({"textual:no_text_style": Bool(true), "textual:widget_id": Int(8589934591)}) }
(45,12): StyleMeta { link: None, link_id: None, meta: Some({"textual:no_text_style": Bool(true), "textual:widget_id": Int(8589934591)}) }
(46,12): StyleMeta { link: None, link_id: None, meta: Some({"textual:no_text_style": Bool(true), "textual:widget_id": Int(8589934591)}) }
(47,12): StyleMeta { link: None, link_id: None, meta: Some({"textual:no_text_style": Bool(true), "textual:widget_id": Int(8589934591)}) }
(48,12): StyleMeta { link: None, link_id: None, meta: Some({"textual:no_text_style": Bool(true), "textual:widget_id": Int(8589934591)}) }
(49,12): StyleMeta { link: None, link_id: None, meta: Some({"textual:no_text_style": Bool(true), "textual:widget_id": Int(8589934591)}) }
(50,12): StyleMeta { link: None, link_id: None, meta: Some({"textual:no_text_style": Bool(true), "textual:widget_id": Int(8589934591)}) }
(51,12): StyleMeta { link: None, link_id: None, meta: Some({"textual:no_text_style": Bool(true), "textual:widget_id": Int(8589934591)}) }
(52,12): StyleMeta { link: None, link_id: None, meta: Some({"textual:no_text_style": Bool(true), "textual:widget_id": Int(8589934591)}) }
(53,12): StyleMeta { link: None, link_id: None, meta: Some({"textual:no_text_style": Bool(true), "textual:widget_id": Int(8589934591)}) }
(54,12): StyleMeta { link: None, link_id: None, meta: Some({"textual:no_text_style": Bool(true), "textual:widget_id": Int(8589934591)}) }
(55,12): StyleMeta { link: None, link_id: None, meta: Some({"textual:no_text_style": Bool(true), "textual:widget_id": Int(8589934591)}) }
(56,12): StyleMeta { link: None, link_id: None, meta: Some({"textual:no_text_style": Bool(true), "textual:widget_id": Int(8589934591)}) }
(57,12): StyleMeta { link: None, link_id: None, meta: Some({"textual:no_text_style": Bool(true), "textual:widget_id": Int(8589934591)}) }
(58,12): StyleMeta { link: None, link_id: None, meta: Some({"textual:no_text_style": Bool(true), "textual:widget_id": Int(8589934591)}) }
(59,12): StyleMeta { link: None, link_id: None, meta: Some({"textual:no_text_style": Bool(true), "textual:widget_id": Int(8589934591)}) }
(60,12): StyleMeta { link: None, link_id: None, meta: Some({"textual:no_text_style": Bool(true), "textual:widget_id": Int(8589934591)}) }
(61,12): StyleMeta { link: None, link_id: None, meta: Some({"textual:no_text_style": Bool(true), "textual:widget_id": Int(8589934591)}) }
(62,12): StyleMeta { link: None, link_id: None, meta: Some({"textual:no_text_style": Bool(true), "textual:widget_id": Int(8589934591)}) }
(63,12): StyleMeta { link: None, link_id: None, meta: Some({"textual:no_text_style": Bool(true), "textual:widget_id": Int(8589934591)}) }
(64,12): StyleMeta { link: None, link_id: None, meta: Some({"textual:no_text_style": Bool(true), "textual:widget_id": Int(8589934591)}) }
(65,12): StyleMeta { link: None, link_id: None, meta: Some({"textual:no_text_style": Bool(true), "textual:widget_id": Int(8589934591)}) }
(66,12): StyleMeta { link: None, link_id: None, meta: Some({"textual:no_text_style": Bool(true), "textual:widget_id": Int(8589934591)}) }
(67,12): StyleMeta { link: None, link_id: None, meta: Some({"textual:no_text_style": Bool(true), "textual:widget_id": Int(8589934591)}) }
(68,12): StyleMeta { link: None, link_id: None, meta: Some({"textual:no_text_style": Bool(true), "textual:widget_id": Int(8589934591)}) }
(69,12): StyleMeta { link: None, link_id: None, meta: Some({"textual:no_text_style": Bool(true), "textual:widget_id": Int(8589934591)}) }
(70,12): StyleMeta { link: None, link_id: None, meta: Some({"textual:no_text_style": Bool(true), "textual:widget_id": Int(8589934591)}) }
(71,12): StyleMeta { link: None, link_id: None, meta: Some({"textual:no_text_style": Bool(true), "textual:widget_id": Int(8589934591)}) }
