---
source: tests/command_palette_snapshot.rs
expression: buf.debug_dump()
---
lines:
0: "Body content                                                            "
1: "                                                                        "
2: "────────────────────────────────────────────────────────────────────────"
3: " Search for commands...                                                 "
4: " › Keys - Show help for the focused widget and available keys           "
5: "   Maximize - Maximize the focused widget                               "
6: "   Quit - Quit the application as soon as possible                      "
7: "   Screenshot - Save an SVG screenshot of the current screen            "
8: "   Theme - Change the current theme                                     "
9: "                                                                        "
10: "                                                                        "
11: "                                                                        "
12: "                                                                        "
13: "                                                                        "
meta:
