---
source: tests/data_table.rs
expression: buf.debug_dump()
---
lines:
0: " Name   Value   "
1: " Alpha  1       "
2: " Beta   2       "
3: "                "
meta:
(14,0): StyleMeta { link: None, link_id: None, meta: Some({"textual:no_style": Bool(true)}) }
(15,0): StyleMeta { link: None, link_id: None, meta: Some({"textual:no_style": Bool(true)}) }
