---
source: tests/frame_layout.rs
assertion_line: 16
expression: buf.debug_dump()
---
lines:
0: "┌──────────────┐"
1: "│              │"
2: "│      OK      │"
3: "│              │"
4: "└──────────────┘"
meta:
(2,2): StyleMeta { link: None, link_id: None, meta: Some({"textual:no_text_style": Bool(true), "textual:widget_id": Int(8589934591)}) }
(3,2): StyleMeta { link: None, link_id: None, meta: Some({"textual:no_text_style": Bool(true), "textual:widget_id": Int(8589934591)}) }
(4,2): StyleMeta { link: None, link_id: None, meta: Some({"textual:no_text_style": Bool(true), "textual:widget_id": Int(8589934591)}) }
(5,2): StyleMeta { link: None, link_id: None, meta: Some({"textual:no_text_style": Bool(true), "textual:widget_id": Int(8589934591)}) }
(6,2): StyleMeta { link: None, link_id: None, meta: Some({"textual:no_text_style": Bool(true), "textual:widget_id": Int(8589934591)}) }
(7,2): StyleMeta { link: None, link_id: None, meta: Some({"textual:no_text_style": Bool(true), "textual:widget_id": Int(8589934591)}) }
(8,2): StyleMeta { link: None, link_id: None, meta: Some({"textual:no_text_style": Bool(true), "textual:widget_id": Int(8589934591)}) }
(9,2): StyleMeta { link: None, link_id: None, meta: Some({"textual:no_text_style": Bool(true), "textual:widget_id": Int(8589934591)}) }
(10,2): StyleMeta { link: None, link_id: None, meta: Some({"textual:no_text_style": Bool(true), "textual:widget_id": Int(8589934591)}) }
(11,2): StyleMeta { link: None, link_id: None, meta: Some({"textual:no_text_style": Bool(true), "textual:widget_id": Int(8589934591)}) }
(12,2): StyleMeta { link: None, link_id: None, meta: Some({"textual:no_text_style": Bool(true), "textual:widget_id": Int(8589934591)}) }
(13,2): StyleMeta { link: None, link_id: None, meta: Some({"textual:no_text_style": Bool(true), "textual:widget_id": Int(8589934591)}) }
