---
source: tests/keys_preview_snapshot.rs
assertion_line: 94
expression: buffer.debug_dump()
---
lines:
0: " ⭘                               Textual Keys                                   "
1: "┌──────────────────────────────────────────────────────────────────────────────┐"
2: "                                                                                "
3: "                                                                                "
4: "                                                                                "
5: "Key(key='a', character='a', name='a', is_printable=True)                        "
6: "AppFocus: true                                                                  "
7: "                                                                                "
8: "                                                                                "
9: "                                                                                "
10: "                                                                                "
11: "                                                                                "
12: "                                                                                "
13: "▄▄▄▄▄▄▄▄▄▄▄▄▄                                                                   "
14: "█ Cle ██ Qu █                                                                   "
15: "▀▀▀▀▀▀▀▀▀▀▀▀▀                                                                   "
meta:
(1,14): StyleMeta { link: None, link_id: None, meta: Some({"textual:no_text_style": Bool(true), "textual:widget_id": Int(4294967315)}) }
(2,14): StyleMeta { link: None, link_id: None, meta: Some({"textual:no_text_style": Bool(true), "textual:widget_id": Int(4294967315)}) }
(3,14): StyleMeta { link: None, link_id: None, meta: Some({"textual:no_text_style": Bool(true), "textual:widget_id": Int(4294967315)}) }
(4,14): StyleMeta { link: None, link_id: None, meta: Some({"textual:no_text_style": Bool(true), "textual:widget_id": Int(4294967315)}) }
(5,14): StyleMeta { link: None, link_id: None, meta: Some({"textual:no_text_style": Bool(true), "textual:widget_id": Int(4294967315)}) }
(8,14): StyleMeta { link: None, link_id: None, meta: Some({"textual:no_text_style": Bool(true), "textual:widget_id": Int(4294967317)}) }
(9,14): StyleMeta { link: None, link_id: None, meta: Some({"textual:no_text_style": Bool(true), "textual:widget_id": Int(4294967317)}) }
(10,14): StyleMeta { link: None, link_id: None, meta: Some({"textual:no_text_style": Bool(true), "textual:widget_id": Int(4294967317)}) }
(11,14): StyleMeta { link: None, link_id: None, meta: Some({"textual:no_text_style": Bool(true), "textual:widget_id": Int(4294967317)}) }
