---
source: tests/keys_preview_snapshot.rs
expression: buffer.debug_dump()
---
lines:
0: " ⭘                               Textual Keys                                   "
1: "┌──────────────────────────────────────────────────────────────────────────────┐"
2: "                                                                                "
3: "                                                                                "
4: "                                                                                "
5: "Key(key='a', character='a', name='a', is_printable=True)                        "
6: "AppFocus: true                                                                  "
7: "                                                                                "
8: "                                                                                "
9: "                                                                                "
10: "                                                                                "
11: "                                                                                "
12: "                                                                                "
13: "▄▄▄▄▄▄▄▄▄▄▄▄▄                                                                   "
14: "█ Cle ██ Qu █                                                                   "
15: "▀▀▀▀▀▀▀▀▀▀▀▀▀                                                                   "
meta:
(2,0): StyleMeta { link: None, link_id: None, meta: Some({"textual:no_text_style": Bool(true), "textual:widget_id": Int(4294967300)}) }
(3,0): StyleMeta { link: None, link_id: None, meta: Some({"textual:no_text_style": Bool(true), "textual:widget_id": Int(4294967300)}) }
(4,0): StyleMeta { link: None, link_id: None, meta: Some({"textual:no_text_style": Bool(true), "textual:widget_id": Int(4294967300)}) }
(5,0): StyleMeta { link: None, link_id: None, meta: Some({"textual:no_text_style": Bool(true), "textual:widget_id": Int(4294967300)}) }
(6,0): StyleMeta { link: None, link_id: None, meta: Some({"textual:no_text_style": Bool(true), "textual:widget_id": Int(4294967300)}) }
(45,0): StyleMeta { link: None, link_id: None, meta: Some({"textual:no_text_style": Bool(true), "textual:widget_id": Int(4294967301)}) }
(46,0): StyleMeta { link: None, link_id: None, meta: Some({"textual:no_text_style": Bool(true), "textual:widget_id": Int(4294967301)}) }
(47,0): StyleMeta { link: None, link_id: None, meta: Some({"textual:no_text_style": Bool(true), "textual:widget_id": Int(4294967301)}) }
(48,0): StyleMeta { link: None, link_id: None, meta: Some({"textual:no_text_style": Bool(true), "textual:widget_id": Int(4294967301)}) }
(49,0): StyleMeta { link: None, link_id: None, meta: Some({"textual:no_text_style": Bool(true), "textual:widget_id": Int(4294967301)}) }
(50,0): StyleMeta { link: None, link_id: None, meta: Some({"textual:no_text_style": Bool(true), "textual:widget_id": Int(4294967301)}) }
(51,0): StyleMeta { link: None, link_id: None, meta: Some({"textual:no_text_style": Bool(true), "textual:widget_id": Int(4294967301)}) }
(52,0): StyleMeta { link: None, link_id: None, meta: Some({"textual:no_text_style": Bool(true), "textual:widget_id": Int(4294967301)}) }
(53,0): StyleMeta { link: None, link_id: None, meta: Some({"textual:no_text_style": Bool(true), "textual:widget_id": Int(4294967301)}) }
(54,0): StyleMeta { link: None, link_id: None, meta: Some({"textual:no_text_style": Bool(true), "textual:widget_id": Int(4294967301)}) }
(55,0): StyleMeta { link: None, link_id: None, meta: Some({"textual:no_text_style": Bool(true), "textual:widget_id": Int(4294967301)}) }
(56,0): StyleMeta { link: None, link_id: None, meta: Some({"textual:no_text_style": Bool(true), "textual:widget_id": Int(4294967301)}) }
(57,0): StyleMeta { link: None, link_id: None, meta: Some({"textual:no_text_style": Bool(true), "textual:widget_id": Int(4294967301)}) }
(58,0): StyleMeta { link: None, link_id: None, meta: Some({"textual:no_text_style": Bool(true), "textual:widget_id": Int(4294967301)}) }
(59,0): StyleMeta { link: None, link_id: None, meta: Some({"textual:no_text_style": Bool(true), "textual:widget_id": Int(4294967301)}) }
(60,0): StyleMeta { link: None, link_id: None, meta: Some({"textual:no_text_style": Bool(true), "textual:widget_id": Int(4294967301)}) }
(61,0): StyleMeta { link: None, link_id: None, meta: Some({"textual:no_text_style": Bool(true), "textual:widget_id": Int(4294967301)}) }
(62,0): StyleMeta { link: None, link_id: None, meta: Some({"textual:no_text_style": Bool(true), "textual:widget_id": Int(4294967301)}) }
(63,0): StyleMeta { link: None, link_id: None, meta: Some({"textual:no_text_style": Bool(true), "textual:widget_id": Int(4294967301)}) }
(64,0): StyleMeta { link: None, link_id: None, meta: Some({"textual:no_text_style": Bool(true), "textual:widget_id": Int(4294967301)}) }
(65,0): StyleMeta { link: None, link_id: None, meta: Some({"textual:no_text_style": Bool(true), "textual:widget_id": Int(4294967301)}) }
(66,0): StyleMeta { link: None, link_id: None, meta: Some({"textual:no_text_style": Bool(true), "textual:widget_id": Int(4294967301)}) }
(67,0): StyleMeta { link: None, link_id: None, meta: Some({"textual:no_text_style": Bool(true), "textual:widget_id": Int(4294967301)}) }
(68,0): StyleMeta { link: None, link_id: None, meta: Some({"textual:no_text_style": Bool(true), "textual:widget_id": Int(4294967301)}) }
(69,0): StyleMeta { link: None, link_id: None, meta: Some({"textual:no_text_style": Bool(true), "textual:widget_id": Int(4294967301)}) }
(1,14): StyleMeta { link: None, link_id: None, meta: Some({"textual:no_text_style": Bool(true), "textual:widget_id": Int(4294967315)}) }
(5,14): StyleMeta { link: None, link_id: None, meta: Some({"textual:no_text_style": Bool(true), "textual:widget_id": Int(4294967315)}) }
(8,14): StyleMeta { link: None, link_id: None, meta: Some({"textual:no_text_style": Bool(true), "textual:widget_id": Int(4294967317)}) }
(11,14): StyleMeta { link: None, link_id: None, meta: Some({"textual:no_text_style": Bool(true), "textual:widget_id": Int(4294967317)}) }
