---
source: tests/markdown.rs
assertion_line: 22
expression: buf.debug_dump()
---
lines:
0: "                          "
1: "                          "
2: "          Title           "
3: "                          "
4: "• Alpha                   "
5: "• Beta                    "
6: "                          "
7: "code                      "
8: "                          "
meta:
