---
source: tests/panel.rs
expression: buf.debug_dump()
---
lines:
0: "┌─ Title ──┐  "
1: "│          │  "
2: "│hello     │  "
3: "└──────────┘  "
meta:
(1,2): StyleMeta { link: None, link_id: None, meta: Some({"textual:no_text_style": Bool(true), "textual:widget_id": Int(8589934591)}) }
(2,2): StyleMeta { link: None, link_id: None, meta: Some({"textual:no_text_style": Bool(true), "textual:widget_id": Int(8589934591)}) }
(3,2): StyleMeta { link: None, link_id: None, meta: Some({"textual:no_text_style": Bool(true), "textual:widget_id": Int(8589934591)}) }
(4,2): StyleMeta { link: None, link_id: None, meta: Some({"textual:no_text_style": Bool(true), "textual:widget_id": Int(8589934591)}) }
(5,2): StyleMeta { link: None, link_id: None, meta: Some({"textual:no_text_style": Bool(true), "textual:widget_id": Int(8589934591)}) }
