---
source: tests/preview_root_snapshot.rs
assertion_line: 20
expression: buf.debug_dump()
---
lines:
0: " ⭘                 Preview                      "
1: "Top panel                                       "
2: "                                                "
3: "Main body                                       "
4: "                                                "
5: "                                                "
6: "                                                "
7: "                                                "
8: "Bottom panel                                    "
9: "                                                "
meta:
(2,0): StyleMeta { link: None, link_id: None, meta: Some({"textual:no_text_style": Bool(true), "textual:widget_id": Int(4294967300)}) }
(3,0): StyleMeta { link: None, link_id: None, meta: Some({"textual:no_text_style": Bool(true), "textual:widget_id": Int(4294967300)}) }
(4,0): StyleMeta { link: None, link_id: None, meta: Some({"textual:no_text_style": Bool(true), "textual:widget_id": Int(4294967300)}) }
(5,0): StyleMeta { link: None, link_id: None, meta: Some({"textual:no_text_style": Bool(true), "textual:widget_id": Int(4294967300)}) }
(6,0): StyleMeta { link: None, link_id: None, meta: Some({"textual:no_text_style": Bool(true), "textual:widget_id": Int(4294967300)}) }
(26,0): StyleMeta { link: None, link_id: None, meta: Some({"textual:no_text_style": Bool(true), "textual:widget_id": Int(4294967301)}) }
(27,0): StyleMeta { link: None, link_id: None, meta: Some({"textual:no_text_style": Bool(true), "textual:widget_id": Int(4294967301)}) }
(28,0): StyleMeta { link: None, link_id: None, meta: Some({"textual:no_text_style": Bool(true), "textual:widget_id": Int(4294967301)}) }
(29,0): StyleMeta { link: None, link_id: None, meta: Some({"textual:no_text_style": Bool(true), "textual:widget_id": Int(4294967301)}) }
(30,0): StyleMeta { link: None, link_id: None, meta: Some({"textual:no_text_style": Bool(true), "textual:widget_id": Int(4294967301)}) }
(31,0): StyleMeta { link: None, link_id: None, meta: Some({"textual:no_text_style": Bool(true), "textual:widget_id": Int(4294967301)}) }
(32,0): StyleMeta { link: None, link_id: None, meta: Some({"textual:no_text_style": Bool(true), "textual:widget_id": Int(4294967301)}) }
(33,0): StyleMeta { link: None, link_id: None, meta: Some({"textual:no_text_style": Bool(true), "textual:widget_id": Int(4294967301)}) }
(34,0): StyleMeta { link: None, link_id: None, meta: Some({"textual:no_text_style": Bool(true), "textual:widget_id": Int(4294967301)}) }
(35,0): StyleMeta { link: None, link_id: None, meta: Some({"textual:no_text_style": Bool(true), "textual:widget_id": Int(4294967301)}) }
(36,0): StyleMeta { link: None, link_id: None, meta: Some({"textual:no_text_style": Bool(true), "textual:widget_id": Int(4294967301)}) }
(37,0): StyleMeta { link: None, link_id: None, meta: Some({"textual:no_text_style": Bool(true), "textual:widget_id": Int(4294967301)}) }
