---
source: tests/tree.rs
assertion_line: 32
expression: buf.debug_dump()
---
lines:
0: "├── Child A             "
1: "└── ▶ Child B           "
2: "Other                   "
3: "                        "
4: "                        "
meta:
(11,0): StyleMeta { link: None, link_id: None, meta: Some({"textual:no_text_style": Bool(true)}) }
(12,0): StyleMeta { link: None, link_id: None, meta: Some({"textual:no_text_style": Bool(true)}) }
(13,0): StyleMeta { link: None, link_id: None, meta: Some({"textual:no_text_style": Bool(true)}) }
(14,0): StyleMeta { link: None, link_id: None, meta: Some({"textual:no_text_style": Bool(true)}) }
(15,0): StyleMeta { link: None, link_id: None, meta: Some({"textual:no_text_style": Bool(true)}) }
(16,0): StyleMeta { link: None, link_id: None, meta: Some({"textual:no_text_style": Bool(true)}) }
(17,0): StyleMeta { link: None, link_id: None, meta: Some({"textual:no_text_style": Bool(true)}) }
(18,0): StyleMeta { link: None, link_id: None, meta: Some({"textual:no_text_style": Bool(true)}) }
(19,0): StyleMeta { link: None, link_id: None, meta: Some({"textual:no_text_style": Bool(true)}) }
(20,0): StyleMeta { link: None, link_id: None, meta: Some({"textual:no_text_style": Bool(true)}) }
(21,0): StyleMeta { link: None, link_id: None, meta: Some({"textual:no_text_style": Bool(true)}) }
(22,0): StyleMeta { link: None, link_id: None, meta: Some({"textual:no_text_style": Bool(true)}) }
(23,0): StyleMeta { link: None, link_id: None, meta: Some({"textual:no_text_style": Bool(true)}) }
(13,1): StyleMeta { link: None, link_id: None, meta: Some({"textual:no_text_style": Bool(true)}) }
(14,1): StyleMeta { link: None, link_id: None, meta: Some({"textual:no_text_style": Bool(true)}) }
(15,1): StyleMeta { link: None, link_id: None, meta: Some({"textual:no_text_style": Bool(true)}) }
(16,1): StyleMeta { link: None, link_id: None, meta: Some({"textual:no_text_style": Bool(true)}) }
(17,1): StyleMeta { link: None, link_id: None, meta: Some({"textual:no_text_style": Bool(true)}) }
(18,1): StyleMeta { link: None, link_id: None, meta: Some({"textual:no_text_style": Bool(true)}) }
(19,1): StyleMeta { link: None, link_id: None, meta: Some({"textual:no_text_style": Bool(true)}) }
(20,1): StyleMeta { link: None, link_id: None, meta: Some({"textual:no_text_style": Bool(true)}) }
(21,1): StyleMeta { link: None, link_id: None, meta: Some({"textual:no_text_style": Bool(true)}) }
(22,1): StyleMeta { link: None, link_id: None, meta: Some({"textual:no_text_style": Bool(true)}) }
(23,1): StyleMeta { link: None, link_id: None, meta: Some({"textual:no_text_style": Bool(true)}) }
(5,2): StyleMeta { link: None, link_id: None, meta: Some({"textual:no_text_style": Bool(true)}) }
(6,2): StyleMeta { link: None, link_id: None, meta: Some({"textual:no_text_style": Bool(true)}) }
(7,2): StyleMeta { link: None, link_id: None, meta: Some({"textual:no_text_style": Bool(true)}) }
(8,2): StyleMeta { link: None, link_id: None, meta: Some({"textual:no_text_style": Bool(true)}) }
(9,2): StyleMeta { link: None, link_id: None, meta: Some({"textual:no_text_style": Bool(true)}) }
(10,2): StyleMeta { link: None, link_id: None, meta: Some({"textual:no_text_style": Bool(true)}) }
(11,2): StyleMeta { link: None, link_id: None, meta: Some({"textual:no_text_style": Bool(true)}) }
(12,2): StyleMeta { link: None, link_id: None, meta: Some({"textual:no_text_style": Bool(true)}) }
(13,2): StyleMeta { link: None, link_id: None, meta: Some({"textual:no_text_style": Bool(true)}) }
(14,2): StyleMeta { link: None, link_id: None, meta: Some({"textual:no_text_style": Bool(true)}) }
(15,2): StyleMeta { link: None, link_id: None, meta: Some({"textual:no_text_style": Bool(true)}) }
(16,2): StyleMeta { link: None, link_id: None, meta: Some({"textual:no_text_style": Bool(true)}) }
(17,2): StyleMeta { link: None, link_id: None, meta: Some({"textual:no_text_style": Bool(true)}) }
(18,2): StyleMeta { link: None, link_id: None, meta: Some({"textual:no_text_style": Bool(true)}) }
(19,2): StyleMeta { link: None, link_id: None, meta: Some({"textual:no_text_style": Bool(true)}) }
(20,2): StyleMeta { link: None, link_id: None, meta: Some({"textual:no_text_style": Bool(true)}) }
(21,2): StyleMeta { link: None, link_id: None, meta: Some({"textual:no_text_style": Bool(true)}) }
(22,2): StyleMeta { link: None, link_id: None, meta: Some({"textual:no_text_style": Bool(true)}) }
(23,2): StyleMeta { link: None, link_id: None, meta: Some({"textual:no_text_style": Bool(true)}) }
(0,3): StyleMeta { link: None, link_id: None, meta: Some({"textual:no_text_style": Bool(true)}) }
(1,3): StyleMeta { link: None, link_id: None, meta: Some({"textual:no_text_style": Bool(true)}) }
(2,3): StyleMeta { link: None, link_id: None, meta: Some({"textual:no_text_style": Bool(true)}) }
(3,3): StyleMeta { link: None, link_id: None, meta: Some({"textual:no_text_style": Bool(true)}) }
(4,3): StyleMeta { link: None, link_id: None, meta: Some({"textual:no_text_style": Bool(true)}) }
(5,3): StyleMeta { link: None, link_id: None, meta: Some({"textual:no_text_style": Bool(true)}) }
(6,3): StyleMeta { link: None, link_id: None, meta: Some({"textual:no_text_style": Bool(true)}) }
(7,3): StyleMeta { link: None, link_id: None, meta: Some({"textual:no_text_style": Bool(true)}) }
(8,3): StyleMeta { link: None, link_id: None, meta: Some({"textual:no_text_style": Bool(true)}) }
(9,3): StyleMeta { link: None, link_id: None, meta: Some({"textual:no_text_style": Bool(true)}) }
(10,3): StyleMeta { link: None, link_id: None, meta: Some({"textual:no_text_style": Bool(true)}) }
(11,3): StyleMeta { link: None, link_id: None, meta: Some({"textual:no_text_style": Bool(true)}) }
(12,3): StyleMeta { link: None, link_id: None, meta: Some({"textual:no_text_style": Bool(true)}) }
(13,3): StyleMeta { link: None, link_id: None, meta: Some({"textual:no_text_style": Bool(true)}) }
(14,3): StyleMeta { link: None, link_id: None, meta: Some({"textual:no_text_style": Bool(true)}) }
(15,3): StyleMeta { link: None, link_id: None, meta: Some({"textual:no_text_style": Bool(true)}) }
(16,3): StyleMeta { link: None, link_id: None, meta: Some({"textual:no_text_style": Bool(true)}) }
(17,3): StyleMeta { link: None, link_id: None, meta: Some({"textual:no_text_style": Bool(true)}) }
(18,3): StyleMeta { link: None, link_id: None, meta: Some({"textual:no_text_style": Bool(true)}) }
(19,3): StyleMeta { link: None, link_id: None, meta: Some({"textual:no_text_style": Bool(true)}) }
(20,3): StyleMeta { link: None, link_id: None, meta: Some({"textual:no_text_style": Bool(true)}) }
(21,3): StyleMeta { link: None, link_id: None, meta: Some({"textual:no_text_style": Bool(true)}) }
(22,3): StyleMeta { link: None, link_id: None, meta: Some({"textual:no_text_style": Bool(true)}) }
(23,3): StyleMeta { link: None, link_id: None, meta: Some({"textual:no_text_style": Bool(true)}) }
(0,4): StyleMeta { link: None, link_id: None, meta: Some({"textual:no_text_style": Bool(true)}) }
(1,4): StyleMeta { link: None, link_id: None, meta: Some({"textual:no_text_style": Bool(true)}) }
(2,4): StyleMeta { link: None, link_id: None, meta: Some({"textual:no_text_style": Bool(true)}) }
(3,4): StyleMeta { link: None, link_id: None, meta: Some({"textual:no_text_style": Bool(true)}) }
(4,4): StyleMeta { link: None, link_id: None, meta: Some({"textual:no_text_style": Bool(true)}) }
(5,4): StyleMeta { link: None, link_id: None, meta: Some({"textual:no_text_style": Bool(true)}) }
(6,4): StyleMeta { link: None, link_id: None, meta: Some({"textual:no_text_style": Bool(true)}) }
(7,4): StyleMeta { link: None, link_id: None, meta: Some({"textual:no_text_style": Bool(true)}) }
(8,4): StyleMeta { link: None, link_id: None, meta: Some({"textual:no_text_style": Bool(true)}) }
(9,4): StyleMeta { link: None, link_id: None, meta: Some({"textual:no_text_style": Bool(true)}) }
(10,4): StyleMeta { link: None, link_id: None, meta: Some({"textual:no_text_style": Bool(true)}) }
(11,4): StyleMeta { link: None, link_id: None, meta: Some({"textual:no_text_style": Bool(true)}) }
(12,4): StyleMeta { link: None, link_id: None, meta: Some({"textual:no_text_style": Bool(true)}) }
(13,4): StyleMeta { link: None, link_id: None, meta: Some({"textual:no_text_style": Bool(true)}) }
(14,4): StyleMeta { link: None, link_id: None, meta: Some({"textual:no_text_style": Bool(true)}) }
(15,4): StyleMeta { link: None, link_id: None, meta: Some({"textual:no_text_style": Bool(true)}) }
(16,4): StyleMeta { link: None, link_id: None, meta: Some({"textual:no_text_style": Bool(true)}) }
(17,4): StyleMeta { link: None, link_id: None, meta: Some({"textual:no_text_style": Bool(true)}) }
(18,4): StyleMeta { link: None, link_id: None, meta: Some({"textual:no_text_style": Bool(true)}) }
(19,4): StyleMeta { link: None, link_id: None, meta: Some({"textual:no_text_style": Bool(true)}) }
(20,4): StyleMeta { link: None, link_id: None, meta: Some({"textual:no_text_style": Bool(true)}) }
(21,4): StyleMeta { link: None, link_id: None, meta: Some({"textual:no_text_style": Bool(true)}) }
(22,4): StyleMeta { link: None, link_id: None, meta: Some({"textual:no_text_style": Bool(true)}) }
(23,4): StyleMeta { link: None, link_id: None, meta: Some({"textual:no_text_style": Bool(true)}) }
